// Jest Snapshot v1, https://goo.gl/fbAQLP

exports[`Profile component renders the profile 1`] = `
<Fragment>
  <Loading
    loading={false}
  />
  <NavBar />
  <section
    className="ProfileArea"
  >
    <img
      alt="Profile"
      src="http://domain.com/pictures/0000.png"
    />
    <h2>
      Hello, 
      me
    </h2>
    <div>
      <Achievements
        achieves={Array []}
      />
    </div>
  </section>
</Fragment>
`;

exports[`Profile component renders the profile in a loading state 1`] = `
<Fragment>
  <Loading
    loading={true}
  />
  <NavBar />
</Fragment>
`;
