// Jest Snapshot v1, https://goo.gl/fbAQLP

exports[`Profile component renders the profile 1`] = `
<Fragment>
  <Loading
    loading={false}
  />
  <NavBar />
  <section
    className="ProfileArea"
  >
    <img
      alt="Profile"
      src="http://domain.com/pictures/0000.png"
    />
    <h2>
      Your Profile:
    </h2>
    <h3>
      Username:
    </h3>
    <p>
       
      me
    </p>
    <h3>
      Email:
    </h3>
    <p>
       
      me@me.com
    </p>
  </section>
</Fragment>
`;
